DUP
errno: 0
f: 1
f2: 2
f3: 3
close(f1): 0
close(f2): 0
close(f3): 0

DUP2
errno: 0
f: 4
f2: 5
f3: 5
close(f1): 0
close(f2): 0
close(f3): -1
